# Phase 5 MinGW smoke-only candidate commands.log
# smoke-only
# host: Darwin
# timestamp_utc: 2026-03-25T17:27:10Z

$ cmake -B build-mingw -G "MinGW Makefiles"
CMake Error: Could not create named generator MinGW Makefiles

Generators
* Unix Makefiles               = Generates standard UNIX makefiles.
  Ninja                        = Generates build.ninja files.
  Ninja Multi-Config           = Generates build-<Config>.ninja files.
  FASTBuild                    = Generates fbuild.bff files.
  Watcom WMake                 = Generates Watcom WMake makefiles.
  Xcode                        = Generate Xcode project files.
  CodeBlocks - Ninja           = Generates CodeBlocks project files
                                 (deprecated).
  CodeBlocks - Unix Makefiles  = Generates CodeBlocks project files
                                 (deprecated).
  CodeLite - Ninja             = Generates CodeLite project files
                                 (deprecated).
  CodeLite - Unix Makefiles    = Generates CodeLite project files
                                 (deprecated).
  Eclipse CDT4 - Ninja         = Generates Eclipse CDT 4.0 project files
                                 (deprecated).
  Eclipse CDT4 - Unix Makefiles= Generates Eclipse CDT 4.0 project files
                                 (deprecated).
  Kate - Ninja                 = Generates Kate project files (deprecated).
  Kate - Ninja Multi-Config    = Generates Kate project files (deprecated).
  Kate - Unix Makefiles        = Generates Kate project files (deprecated).
  Sublime Text 2 - Ninja       = Generates Sublime Text 2 project files
                                 (deprecated).
  Sublime Text 2 - Unix Makefiles
                               = Generates Sublime Text 2 project files
                                 (deprecated).

[exit_code=1]

$ cmake --build build-mingw
Error: /Users/rodionradchenko/Documents/repos/mdCAD/build-mingw is not a directory
[exit_code=1]

$ .\build-mingw\bin\mdCAD.exe
BLOCKED: Windows executable command cannot run on host Darwin.
[exit_code=127]
